ARM Linker, 5.03 [Build 76] [MDK-ARM Standard]

==============================================================================

Section Cross References

    startup_stm32f10x_hd.o(RESET) refers to startup_stm32f10x_hd.o(STACK) for __initial_sp
    startup_stm32f10x_hd.o(RESET) refers to startup_stm32f10x_hd.o(.text) for Reset_Handler
    startup_stm32f10x_hd.o(RESET) refers to stm32f10x_it.o(.text) for NMI_Handler
    startup_stm32f10x_hd.o(RESET) refers to systime.o(.text) for TIM2_IRQHandler
    startup_stm32f10x_hd.o(RESET) refers to rc.o(.text) for TIM4_IRQHandler
    startup_stm32f10x_hd.o(RESET) refers to maincom.o(.text) for USART1_IRQHandler
    startup_stm32f10x_hd.o(.text) refers to system_stm32f10x.o(.text) for SystemInit
    startup_stm32f10x_hd.o(.text) refers to entry.o(.ARM.Collect$$$$00000000) for __main
    main.o(.text) refers to maincom.o(.text) for Data_Send_PID
    main.o(.text) refers to control.o(.text) for Is_Armed
    main.o(.text) refers to rc.o(.text) for Channel_Adjust
    main.o(.text) refers to stm32f10x_gpio.o(.text) for GPIO_ResetBits
    main.o(.text) refers to systick.o(.text) for delay_ms
    main.o(.text) refers to mpu6050.o(.text) for GYRO_SET_OFFSET
    main.o(.text) refers to system_stm32f10x.o(.text) for SystemInit
    main.o(.text) refers to misc.o(.text) for NVIC_PriorityGroupConfig
    main.o(.text) refers to led.o(.text) for LED_GPIO_Config
    main.o(.text) refers to myiic.o(.text) for I2C_INIT
    main.o(.text) refers to motor.o(.text) for Motor_Init
    main.o(.text) refers to refreshled.o(.text) for Led_Refresh_Init
    main.o(.text) refers to systime.o(.text) for System_Time_Init
    main.o(.text) refers to control.o(.bss) for PID_YAW
    main.o(.text) refers to rc.o(.bss) for RC_CH
    main.o(.text) refers to mpu6050.o(.data) for GYRO_OFFSET
    main.o(.text) refers to maincom.o(.data) for DMA_DATA_SEND_FLAG
    main.o(.text) refers to imu.o(.bss) for Q_ANGLE
    main.o(.text) refers to systime.o(.data) for mag
    main.o(.text) refers to control.o(.data) for moto4
    main.o(.text) refers to refreshled.o(.data) for led_state
    systime.o(.text) refers to misc.o(.text) for NVIC_Init
    systime.o(.text) refers to stm32f10x_rcc.o(.text) for RCC_APB1PeriphClockCmd
    systime.o(.text) refers to stm32f10x_tim.o(.text) for TIM_TimeBaseInit
    systime.o(.text) refers to mpu6050.o(.text) for MPU6050_READ
    systime.o(.text) refers to imu.o(.text) for Get_Accel_Angle
    systime.o(.text) refers to rc.o(.text) for Vaule_2_Gyro
    systime.o(.text) refers to control.o(.text) for CONTROL
    systime.o(.text) refers to refreshled.o(.text) for Led_Flash0
    systime.o(.text) refers to imu.o(.bss) for Q_ANGLE
    systime.o(.text) refers to mpu6050.o(.data) for MPU6050_ACC_LAST
    systime.o(.text) refers to systime.o(.data) for time2_tick
    systime.o(.text) refers to maincom.o(.data) for DMA_DATA_SEND_FLAG
    systime.o(.text) refers to control.o(.data) for ARMED
    systime.o(.text) refers to rc.o(.bss) for RC_CH
    systime.o(.text) refers to refreshled.o(.data) for led_state
    mpu6050.o(.text) refers to myiic.o(.text) for Single_Read
    mpu6050.o(.text) refers to dflti.o(.text) for __aeabi_i2d
    mpu6050.o(.text) refers to ddiv.o(.text) for __aeabi_ddiv
    mpu6050.o(.text) refers to dfixi.o(.text) for __aeabi_d2iz
    mpu6050.o(.text) refers to systick.o(.text) for delay_ms
    mpu6050.o(.text) refers to mpu6050.o(.bss) for BUF
    mpu6050.o(.text) refers to mpu6050.o(.data) for MPU6050_GYRO_LAST
    imu.o(.text) refers to fflti.o(.text) for __aeabi_i2f
    imu.o(.text) refers to fmul.o(.text) for __aeabi_fmul
    imu.o(.text) refers to fdiv.o(.text) for __aeabi_fdiv
    imu.o(.text) refers to f2d.o(.text) for __aeabi_f2d
    imu.o(.text) refers to dmul.o(.text) for __aeabi_dmul
    imu.o(.text) refers to d2f.o(.text) for __aeabi_d2f
    imu.o(.text) refers to sqrtf.o(i.sqrtf) for sqrtf
    imu.o(.text) refers to atan2.o(i.atan2) for atan2
    imu.o(.text) refers to fadd.o(.text) for __aeabi_fadd
    imu.o(.text) refers to cfcmple.o(.text) for __aeabi_cfcmpeq
    imu.o(.text) refers to imu.o(.bss) for roll_data
    imu.o(.text) refers to imu.o(.data) for pitch_a
    imu.o(.text) refers to sqrt.o(i.sqrt) for sqrt
    imu.o(.text) refers to asin.o(i.asin) for asin
    imu.o(.text) refers to cfrcmple.o(.text) for __aeabi_cfrcmple
    imu.o(.text) refers to cos.o(i.cos) for cos
    imu.o(.text) refers to sin.o(i.sin) for sin
    control.o(.text) refers to stmflash.o(.text) for STMFLASH_Read
    control.o(.text) refers to fmul.o(.text) for __aeabi_fmul
    control.o(.text) refers to ffixui.o(.text) for __aeabi_f2uiz
    control.o(.text) refers to ffltui.o(.text) for __aeabi_ui2f
    control.o(.text) refers to fdiv.o(.text) for __aeabi_fdiv
    control.o(.text) refers to cfrcmple.o(.text) for __aeabi_cfrcmple
    control.o(.text) refers to cfcmple.o(.text) for __aeabi_cfcmple
    control.o(.text) refers to fadd.o(.text) for __aeabi_fsub
[...]
    ../clib/microlib/init/entry.s            0x00000000   Number         0  entry2.o ABSOLUTE
    ../clib/microlib/init/entry.s            0x00000000   Number         0  entry11a.o ABSOLUTE
    ../clib/microlib/init/entry.s            0x00000000   Number         0  entry11b.o ABSOLUTE
    ../clib/microlib/init/entry.s            0x00000000   Number         0  entry5.o ABSOLUTE
    ../clib/microlib/init/entry.s            0x00000000   Number         0  entry7a.o ABSOLUTE
    ../clib/microlib/init/entry.s            0x00000000   Number         0  entry7b.o ABSOLUTE
    ../clib/microlib/init/entry.s            0x00000000   Number         0  entry8a.o ABSOLUTE
    ../clib/microlib/init/entry.s            0x00000000   Number         0  entry8b.o ABSOLUTE
    ../clib/microlib/init/entry.s            0x00000000   Number         0  entry9a.o ABSOLUTE
    ../clib/microlib/longlong.c              0x00000000   Number         0  llushr.o ABSOLUTE
    ../clib/microlib/longlong.c              0x00000000   Number         0  llshl.o ABSOLUTE
    ../clib/microlib/longlong.c              0x00000000   Number         0  llsshr.o ABSOLUTE
    ../clib/microlib/printf/printf.c         0x00000000   Number         0  printfa.o ABSOLUTE
    ../clib/microlib/printf/printf.c         0x00000000   Number         0  printf0.o ABSOLUTE
    ../clib/microlib/printf/printf.c         0x00000000   Number         0  printfb.o ABSOLUTE
    ../clib/microlib/printf/printf.c         0x00000000   Number         0  printf8.o ABSOLUTE
    ../clib/microlib/printf/printf.c         0x00000000   Number         0  printf5.o ABSOLUTE
    ../clib/microlib/printf/printf.c         0x00000000   Number         0  printf7.o ABSOLUTE
    ../clib/microlib/printf/printf.c         0x00000000   Number         0  printf4.o ABSOLUTE
    ../clib/microlib/printf/printf.c         0x00000000   Number         0  printf3.o ABSOLUTE
    ../clib/microlib/printf/printf.c         0x00000000   Number         0  printf2.o ABSOLUTE
    ../clib/microlib/printf/printf.c         0x00000000   Number         0  printf6.o ABSOLUTE
    ../clib/microlib/printf/printf.c         0x00000000   Number         0  printf1.o ABSOLUTE
    ../clib/microlib/printf/stubs.s          0x00000000   Number         0  stubs.o ABSOLUTE
    ../clib/microlib/stdio/streams.c         0x00000000   Number         0  stdout.o ABSOLUTE
    ../clib/microlib/stubs.s                 0x00000000   Number         0  iusefp.o ABSOLUTE
    ../fplib/microlib/d2f.c                  0x00000000   Number         0  d2f.o ABSOLUTE
    ../fplib/microlib/f2d.c                  0x00000000   Number         0  f2d.o ABSOLUTE
    ../fplib/microlib/fpadd.c                0x00000000   Number         0  dadd.o ABSOLUTE
    ../fplib/microlib/fpadd.c                0x00000000   Number         0  fadd.o ABSOLUTE
    ../fplib/microlib/fpdiv.c                0x00000000   Number         0  ddiv.o ABSOLUTE
    ../fplib/microlib/fpdiv.c                0x00000000   Number         0  fdiv.o ABSOLUTE
    ../fplib/microlib/fpepilogue.c           0x00000000   Number         0  fepilogue.o ABSOLUTE
    ../fplib/microlib/fpepilogue.c           0x00000000   Number         0  depilogue.o ABSOLUTE
    ../fplib/microlib/fpfix.c                0x00000000   Number         0  dfixi.o ABSOLUTE
    ../fplib/microlib/fpfix.c                0x00000000   Number         0  ffixi.o ABSOLUTE
    ../fplib/microlib/fpfix.c                0x00000000   Number         0  dfixui.o ABSOLUTE
    ../fplib/microlib/fpfix.c                0x00000000   Number         0  ffixui.o ABSOLUTE
    ../fplib/microlib/fpfix.c                0x00000000   Number         0  dfixul.o ABSOLUTE
    ../fplib/microlib/fpflt.c                0x00000000   Number         0  dflti.o ABSOLUTE
    ../fplib/microlib/fpflt.c                0x00000000   Number         0  ffltui.o ABSOLUTE
    ../fplib/microlib/fpflt.c                0x00000000   Number         0  fflti.o ABSOLUTE
    ../fplib/microlib/fpflt.c                0x00000000   Number         0  dfltui.o ABSOLUTE
    ../fplib/microlib/fpmul.c                0x00000000   Number         0  dmul.o ABSOLUTE
    ../fplib/microlib/fpmul.c                0x00000000   Number         0  fmul.o ABSOLUTE
    ../fplib/microlib/fpscalb.c              0x00000000   Number         0  dscalb.o ABSOLUTE
    ../fplib/microlib/fpsqrt.c               0x00000000   Number         0  fsqrt.o ABSOLUTE
    ../fplib/microlib/fpsqrt.c               0x00000000   Number         0  dsqrt.o ABSOLUTE
    ../mathlib/asin.c                        0x00000000   Number         0  asin_x.o ABSOLUTE
    ../mathlib/asin.c                        0x00000000   Number         0  asin.o ABSOLUTE
    ../mathlib/atan.c                        0x00000000   Number         0  atan.o ABSOLUTE
    ../mathlib/atan.c                        0x00000000   Number         0  atan_x.o ABSOLUTE
    ../mathlib/atan2.c                       0x00000000   Number         0  atan2.o ABSOLUTE
    ../mathlib/atan2.c                       0x00000000   Number         0  atan2_x.o ABSOLUTE
    ../mathlib/cos.c                         0x00000000   Number         0  cos.o ABSOLUTE
    ../mathlib/cos.c                         0x00000000   Number         0  cos_x.o ABSOLUTE
    ../mathlib/cos_i.c                       0x00000000   Number         0  cos_i.o ABSOLUTE
    ../mathlib/dunder.c                      0x00000000   Number         0  dunder.o ABSOLUTE
    ../mathlib/fpclassify.c                  0x00000000   Number         0  fpclassify.o ABSOLUTE
    ../mathlib/poly.c                        0x00000000   Number         0  poly.o ABSOLUTE
    ../mathlib/qnan.c                        0x00000000   Number         0  qnan.o ABSOLUTE
    ../mathlib/rred.c                        0x00000000   Number         0  rred.o ABSOLUTE
    ../mathlib/sin.c                         0x00000000   Number         0  sin.o ABSOLUTE
    ../mathlib/sin.c                         0x00000000   Number         0  sin_x.o ABSOLUTE
    ../mathlib/sin_i.c                       0x00000000   Number         0  sin_i.o ABSOLUTE
    ../mathlib/sin_i.c                       0x00000000   Number         0  sin_i_x.o ABSOLUTE
    ../mathlib/sqrt.c                        0x00000000   Number         0  sqrt_x.o ABSOLUTE
    ../mathlib/sqrt.c                        0x00000000   Number         0  sqrt.o ABSOLUTE
    ../mathlib/sqrtf.c                       0x00000000   Number         0  sqrtf_x.o ABSOLUTE
    ../mathlib/sqrtf.c                       0x00000000   Number         0  sqrtf.o ABSOLUTE
    APP\chuanPID.c                           0x00000000   Number         0  chuanpid.o ABSOLUTE
    APP\control.c                            0x00000000   Number         0  control.o ABSOLUTE
    APP\imu.c                                0x00000000   Number         0  imu.o ABSOLUTE
    APP\maincom.c                            0x00000000   Number         0  maincom.o ABSOLUTE
    APP\motor.c                              0x00000000   Number         0  motor.o ABSOLUTE
    APP\mpu6050.c                            0x00000000   Number         0  mpu6050.o ABSOLUTE
    APP\rc.c                                 0x00000000   Number         0  rc.o ABSOLUTE
    APP\refreshled.c                         0x00000000   Number         0  refreshled.o ABSOLUTE
    APP\systime.c                            0x00000000   Number         0  systime.o ABSOLUTE
    CMSIS\\core_cm3.c                        0x00000000   Number         0  core_cm3.o ABSOLUTE
    CMSIS\core_cm3.c                         0x00000000   Number         0  core_cm3.o ABSOLUTE
    CMSIS\startup\arm\startup_stm32f10x_hd.s 0x00000000   Number         0  startup_stm32f10x_hd.o ABSOLUTE
    CMSIS\system_stm32f10x.c                 0x00000000   Number         0  system_stm32f10x.o ABSOLUTE
    FWlib\src\misc.c                         0x00000000   Number         0  misc.o ABSOLUTE
    FWlib\src\stm32f10x_adc.c                0x00000000   Number         0  stm32f10x_adc.o ABSOLUTE
    FWlib\src\stm32f10x_bkp.c                0x00000000   Number         0  stm32f10x_bkp.o ABSOLUTE
    FWlib\src\stm32f10x_dma.c                0x00000000   Number         0  stm32f10x_dma.o ABSOLUTE
    FWlib\src\stm32f10x_exti.c               0x00000000   Number         0  stm32f10x_exti.o ABSOLUTE
    FWlib\src\stm32f10x_flash.c              0x00000000   Number         0  stm32f10x_flash.o ABSOLUTE
    FWlib\src\stm32f10x_gpio.c               0x00000000   Number         0  stm32f10x_gpio.o ABSOLUTE
    FWlib\src\stm32f10x_pwr.c                0x00000000   Number         0  stm32f10x_pwr.o ABSOLUTE
    FWlib\src\stm32f10x_rcc.c                0x00000000   Number         0  stm32f10x_rcc.o ABSOLUTE
    FWlib\src\stm32f10x_rtc.c                0x00000000   Number         0  stm32f10x_rtc.o ABSOLUTE
    FWlib\src\stm32f10x_spi.c                0x00000000   Number         0  stm32f10x_spi.o ABSOLUTE
    FWlib\src\stm32f10x_tim.c                0x00000000   Number         0  stm32f10x_tim.o ABSOLUTE
    FWlib\src\stm32f10x_usart.c              0x00000000   Number         0  stm32f10x_usart.o ABSOLUTE
    HARDWARE\SysTick.c                       0x00000000   Number         0  systick.o ABSOLUTE
    HARDWARE\dma.c                           0x00000000   Number         0  dma.o ABSOLUTE
    HARDWARE\led.c                           0x00000000   Number         0  led.o ABSOLUTE
    HARDWARE\myiic.c                         0x00000000   Number         0  myiic.o ABSOLUTE
    HARDWARE\spi.c                           0x00000000   Number         0  spi.o ABSOLUTE
    HARDWARE\stmflash.c                      0x00000000   Number         0  stmflash.o ABSOLUTE
    USER\main.c                              0x00000000   Number         0  main.o ABSOLUTE
    USER\stm32f10x_it.c                      0x00000000   Number         0  stm32f10x_it.o ABSOLUTE
    cdcmple.s                                0x00000000   Number         0  cdcmple.o ABSOLUTE
    cdrcmple.s                               0x00000000   Number         0  cdrcmple.o ABSOLUTE
    cfcmple.s                                0x00000000   Number         0  cfcmple.o ABSOLUTE
    cfrcmple.s                               0x00000000   Number         0  cfrcmple.o ABSOLUTE
    dc.s                                     0x00000000   Number         0  dc.o ABSOLUTE
    handlers.s                               0x00000000   Number         0  handlers.o ABSOLUTE
    init.s                                   0x00000000   Number         0  init.o ABSOLUTE
    RESET                                    0x08000000   Section      304  startup_stm32f10x_hd.o(RESET)
    .ARM.Collect$$$$00000000                 0x08000130   Section        0  entry.o(.ARM.Collect$$$$00000000)
    .ARM.Collect$$$$00000001                 0x08000130   Section        4  entry2.o(.ARM.Collect$$$$00000001)
    .ARM.Collect$$$$00000004                 0x08000134   Section        4  entry5.o(.ARM.Collect$$$$00000004)
    .ARM.Collect$$$$00000008                 0x08000138   Section        0  entry7b.o(.ARM.Collect$$$$00000008)
    .ARM.Collect$$$$0000000A                 0x08000138   Section        0  entry8b.o(.ARM.Collect$$$$0000000A)
    .ARM.Collect$$$$0000000B                 0x08000138   Section        8  entry9a.o(.ARM.Collect$$$$0000000B)
    .ARM.Collect$$$$0000000D                 0x08000140   Section        0  entry10a.o(.ARM.Collect$$$$0000000D)
    .ARM.Collect$$$$0000000F                 0x08000140   Section        0  entry11a.o(.ARM.Collect$$$$0000000F)
    .ARM.Collect$$$$00002712                 0x08000140   Section        4  entry2.o(.ARM.Collect$$$$00002712)
    __lit__00000000                          0x08000140   Data           4  entry2.o(.ARM.Collect$$$$00002712)
    .text                                    0x08000144   Section       36  startup_stm32f10x_hd.o(.text)
    .text                                    0x08000168   Section        0  main.o(.text)
    .text                                    0x080003c0   Section        0  stm32f10x_it.o(.text)
    .text                                    0x080003d8   Section        0  systime.o(.text)
    .text                                    0x08000658   Section        0  mpu6050.o(.text)
    .text                                    0x080008d0   Section        0  imu.o(.text)
    .text                                    0x08001840   Section        0  control.o(.text)
    .text                                    0x08001f28   Section        0  rc.o(.text)
    .text                                    0x080026d4   Section        0  motor.o(.text)
    .text                                    0x0800293c   Section        0  maincom.o(.text)
    .text                                    0x08003234   Section        0  refreshled.o(.text)
    .text                                    0x08003418   Section        0  led.o(.text)
    .text                                    0x08003450   Section        0  systick.o(.text)
    .text                                    0x080034f8   Section        0  myiic.o(.text)
    .text                                    0x0800386c   Section        0  dma.o(.text)
    .text                                    0x0800392c   Section        0  stmflash.o(.text)
    .text                                    0x080039ac   Section        0  stm32f10x_gpio.o(.text)
    .text                                    0x08003cd8   Section        0  stm32f10x_rcc.o(.text)
    .text                                    0x08004078   Section        0  stm32f10x_usart.o(.text)
    .text                                    0x080043e8   Section        0  misc.o(.text)
    .text                                    0x080044c4   Section        0  stm32f10x_tim.o(.text)
    TI4_Config                               0x080047e3   Thumb Code    82  stm32f10x_tim.o(.text)
    TI3_Config                               0x08004847   Thumb Code    72  stm32f10x_tim.o(.text)
    TI2_Config                               0x080048b9   Thumb Code    80  stm32f10x_tim.o(.text)
    TI1_Config                               0x0800491b   Thumb Code    56  stm32f10x_tim.o(.text)
    .text                                    0x0800508c   Section        0  stm32f10x_dma.o(.text)
    .text                                    0x080052c8   Section        0  stm32f10x_flash.o(.text)
    delay                                    0x08005351   Thumb Code    26  stm32f10x_flash.o(.text)
    .text                                    0x080057f4   Section        0  system_stm32f10x.o(.text)
    SetSysClockTo72                          0x080057f5   Thumb Code   218  system_stm32f10x.o(.text)
    SetSysClock                              0x080058cf   Thumb Code     8  system_stm32f10x.o(.text)
    .text                                    0x0800592c   Section        0  fadd.o(.text)
    .text                                    0x080059dc   Section        0  fmul.o(.text)
    .text                                    0x08005a48   Section        0  fdiv.o(.text)
    .text                                    0x08005ac8   Section        0  dadd.o(.text)
    .text                                    0x08005c16   Section        0  dmul.o(.text)
    .text                                    0x08005cfa   Section        0  ddiv.o(.text)
    .text                                    0x08005dd8   Section        0  fflti.o(.text)
    .text                                    0x08005dea   Section        0  ffltui.o(.text)
    .text                                    0x08005df4   Section        0  dflti.o(.text)
    .text                                    0x08005e16   Section        0  ffixi.o(.text)
    .text                                    0x08005e48   Section        0  ffixui.o(.text)
    .text                                    0x08005e70   Section        0  dfixi.o(.text)
    .text                                    0x08005eae   Section        0  dfixui.o(.text)
    .text                                    0x08005ee0   Section        0  f2d.o(.text)
    .text                                    0x08005f06   Section        0  d2f.o(.text)
    .text                                    0x08005f40   Section       20  cfcmple.o(.text)
    .text                                    0x08005f54   Section       20  cfrcmple.o(.text)
    .text                                    0x08005f68   Section        0  uidiv.o(.text)
    .text                                    0x08005f94   Section        0  llshl.o(.text)
    .text                                    0x08005fb2   Section        0  llushr.o(.text)
    .text                                    0x08005fd2   Section        0  llsshr.o(.text)
    .text                                    0x08005ff6   Section        0  iusefp.o(.text)
    .text                                    0x08005ff6   Section        0  fepilogue.o(.text)
    .text                                    0x08006062   Section        0  fsqrt.o(.text)
    .text                                    0x080060c0   Section        0  depilogue.o(.text)
    .text                                    0x0800617e   Section        0  dscalb.o(.text)
    .text                                    0x080061ac   Section        0  dsqrt.o(.text)
    .text                                    0x08006250   Section       36  init.o(.text)
    .text                                    0x08006274   Section        0  dfltui.o(.text)
    i.__0printf$1                            0x08006290   Section        0  printf1.o(i.__0printf$1)
    i.__ARM_fpclassify                       0x080062b0   Section        0  fpclassify.o(i.__ARM_fpclassify)
    i.__ieee754_rem_pio2                     0x080062d8   Section        0  rred.o(i.__ieee754_rem_pio2)
    i.__kernel_cos                           0x08006660   Section        0  cos_i.o(i.__kernel_cos)
    i.__kernel_poly                          0x0800675c   Section        0  poly.o(i.__kernel_poly)
    i.__kernel_sin                           0x08006808   Section        0  sin_i.o(i.__kernel_sin)
    i.__mathlib_dbl_underflow                0x080068f4   Section        0  dunder.o(i.__mathlib_dbl_underflow)
    i.__scatterload_copy                     0x08006904   Section       14  handlers.o(i.__scatterload_copy)
    i.__scatterload_null                     0x08006912   Section        2  handlers.o(i.__scatterload_null)
    i.__scatterload_zeroinit                 0x08006914   Section       14  handlers.o(i.__scatterload_zeroinit)
    i.__set_errno                            0x08006924   Section        0  errno.o(i.__set_errno)
    i._printf_core                           0x08006930   Section        0  printf1.o(i._printf_core)
    _printf_core                             0x08006931   Thumb Code   334  printf1.o(i._printf_core)
    i.asin                                   0x08006a84   Section        0  asin.o(i.asin)
    i.atan                                   0x08006d00   Section        0  atan.o(i.atan)
    i.atan2                                  0x08006f24   Section        0  atan2.o(i.atan2)
    i.cos                                    0x080070a4   Section        0  cos.o(i.cos)
    i.sin                                    0x08007150   Section        0  sin.o(i.sin)
    i.sqrt                                   0x08007200   Section        0  sqrt.o(i.sqrt)
    i.sqrtf                                  0x0800724c   Section        0  sqrtf.o(i.sqrtf)
    .constdata                               0x08007278   Section       80  asin.o(.constdata)
    pS                                       0x08007278   Data          48  asin.o(.constdata)
    qS                                       0x080072a8   Data          32  asin.o(.constdata)
    .constdata                               0x080072c8   Section      152  atan.o(.constdata)
    atanhi                                   0x080072c8   Data          32  atan.o(.constdata)
    atanlo                                   0x080072e8   Data          32  atan.o(.constdata)
    aTodd                                    0x08007308   Data          40  atan.o(.constdata)
    aTeven                                   0x08007330   Data          48  atan.o(.constdata)
    .constdata                               0x08007360   Section       48  cos_i.o(.constdata)
    C                                        0x08007360   Data          48  cos_i.o(.constdata)
    .constdata                               0x08007390   Section        8  qnan.o(.constdata)
    .constdata                               0x08007398   Section      200  rred.o(.constdata)
    pio2s                                    0x08007398   Data          48  rred.o(.constdata)
    twooverpi                                0x080073c8   Data         152  rred.o(.constdata)
    .constdata                               0x08007460   Section       40  sin_i.o(.constdata)
    S                                        0x08007460   Data          40  sin_i.o(.constdata)
    .data                                    0x20000000   Section       26  systime.o(.data)
    .data                                    0x2000001a   Section       24  mpu6050.o(.data)
    .data                                    0x20000034   Section       60  imu.o(.data)
    x1                                       0x20000050   Data           4  imu.o(.data)
    y1                                       0x20000054   Data           4  imu.o(.data)
    z1                                       0x20000058   Data           4  imu.o(.data)
    x2                                       0x2000005c   Data           4  imu.o(.data)
    y2                                       0x20000060   Data           4  imu.o(.data)
    z2                                       0x20000064   Data           4  imu.o(.data)
    roll_a                                   0x20000068   Data           4  imu.o(.data)
    pitch_a                                  0x2000006c   Data           4  imu.o(.data)
    .data                                    0x20000070   Section        9  control.o(.data)
    .data                                    0x2000007a   Section       48  rc.o(.data)
    .data                                    0x200000aa   Section        4  maincom.o(.data)
    .data                                    0x200000ae   Section        1  refreshled.o(.data)
    .data                                    0x200000b0   Section        4  systick.o(.data)
    fac_us                                   0x200000b0   Data           1  systick.o(.data)
    fac_ms                                   0x200000b2   Data           2  systick.o(.data)
    .data                                    0x200000b4   Section        2  dma.o(.data)
    .data                                    0x200000b6   Section       20  stm32f10x_rcc.o(.data)
    APBAHBPrescTable                         0x200000b6   Data          16  stm32f10x_rcc.o(.data)
    ADCPrescTable                            0x200000c6   Data           4  stm32f10x_rcc.o(.data)
    .data                                    0x200000cc   Section        4  stdout.o(.data)
    .data                                    0x200000d0   Section        4  errno.o(.data)
    _errno                                   0x200000d0   Data           4  errno.o(.data)
    .bss                                     0x200000d4   Section       28  mpu6050.o(.bss)
    .bss                                     0x200000f0   Section       44  imu.o(.bss)
    .bss                                     0x2000011c   Section       96  control.o(.bss)
    .bss                                     0x2000017c   Section       28  rc.o(.bss)
    .bss                                     0x20000198   Section       32  maincom.o(.bss)
    .bss                                     0x200001b8   Section       44  dma.o(.bss)
    STACK                                    0x200001e8   Section     1024  startup_stm32f10x_hd.o(STACK)

    Global Symbols

    Symbol Name                              Value     Ov Type        Size  Object(Section)

    BuildAttributes$$THM_ISAv4$P$D$K$B$S$PE$A:L22UL41UL21$X:L11$S22US41US21$IEEE1$IW$USESV6$~STKCKD$USESV7$~SHL$OTIME$ROPI$IEEEX$EBA8$MICROLIB$REQ8$PRES8$EABIv2 0x00000000   Number         0  anon$$obj.o ABSOLUTE
    __ARM_use_no_argv                        0x00000000   Number         0  main.o ABSOLUTE
    _printf_a                                0x00000000   Number         0  stubs.o ABSOLUTE
    _printf_c                                0x00000000   Number         0  stubs.o ABSOLUTE
    _printf_charcount                        0x00000000   Number         0  stubs.o ABSOLUTE
    _printf_d                                0x00000000   Number         0  stubs.o ABSOLUTE
    _printf_e                                0x00000000   Number         0  stubs.o ABSOLUTE
    _printf_f                                0x00000000   Number         0  stubs.o ABSOLUTE
    _printf_flags                            0x00000000   Number         0  stubs.o ABSOLUTE
    _printf_fp_dec                           0x00000000   Number         0  stubs.o ABSOLUTE
    _printf_fp_hex                           0x00000000   Number         0  stubs.o ABSOLUTE
    _printf_g                                0x00000000   Number         0  stubs.o ABSOLUTE
    _printf_i                                0x00000000   Number         0  stubs.o ABSOLUTE
    _printf_int_dec                          0x00000000   Number         0  stubs.o ABSOLUTE
    _printf_l                                0x00000000   Number         0  stubs.o ABSOLUTE
    _printf_lc                               0x00000000   Number         0  stubs.o ABSOLUTE
    _printf_ll                               0x00000000   Number         0  stubs.o ABSOLUTE
    _printf_lld                              0x00000000   Number         0  stubs.o ABSOLUTE
    _printf_lli                              0x00000000   Number         0  stubs.o ABSOLUTE
    _printf_llo                              0x00000000   Number         0  stubs.o ABSOLUTE
    _printf_llu                              0x00000000   Number         0  stubs.o ABSOLUTE
    _printf_llx                              0x00000000   Number         0  stubs.o ABSOLUTE
    _printf_longlong_dec                     0x00000000   Number         0  stubs.o ABSOLUTE
    _printf_longlong_hex                     0x00000000   Number         0  stubs.o ABSOLUTE
    _printf_longlong_oct                     0x00000000   Number         0  stubs.o ABSOLUTE
    _printf_ls                               0x00000000   Number         0  stubs.o ABSOLUTE
    _printf_mbtowc                           0x00000000   Number         0  stubs.o ABSOLUTE
    _printf_n                                0x00000000   Number         0  stubs.o ABSOLUTE
    _printf_o                                0x00000000   Number         0  stubs.o ABSOLUTE
    _printf_p                                0x00000000   Number         0  stubs.o ABSOLUTE
    _printf_percent                          0x00000000   Number         0  stubs.o ABSOLUTE
    _printf_pre_padding                      0x00000000   Number         0  stubs.o ABSOLUTE
    _printf_return_value                     0x00000000   Number         0  stubs.o ABSOLUTE
    _printf_s                                0x00000000   Number         0  stubs.o ABSOLUTE
    _printf_sizespec                         0x00000000   Number         0  stubs.o ABSOLUTE
    _printf_str                              0x00000000   Number         0  stubs.o ABSOLUTE
    _printf_truncate_signed                  0x00000000   Number         0  stubs.o ABSOLUTE
    _printf_truncate_unsigned                0x00000000   Number         0  stubs.o ABSOLUTE
    _printf_u                                0x00000000   Number         0  stubs.o ABSOLUTE
    _printf_wc                               0x00000000   Number         0  stubs.o ABSOLUTE
    _printf_wctomb                           0x00000000   Number         0  stubs.o ABSOLUTE
    _printf_widthprec                        0x00000000   Number         0  stubs.o ABSOLUTE
    _printf_x                                0x00000000   Number         0  stubs.o ABSOLUTE
    __cpp_initialize__aeabi_                  - Undefined Weak Reference
    __cxa_finalize                            - Undefined Weak Reference
    __decompress                              - Undefined Weak Reference
    _clock_init                               - Undefined Weak Reference
    _microlib_exit                            - Undefined Weak Reference
    __Vectors_Size                           0x00000130   Number         0  startup_stm32f10x_hd.o ABSOLUTE
    __Vectors                                0x08000000   Data           4  startup_stm32f10x_hd.o(RESET)
    __Vectors_End                            0x08000130   Data           0  startup_stm32f10x_hd.o(RESET)
    __main                                   0x08000131   Thumb Code     0  entry.o(.ARM.Collect$$$$00000000)
    _main_stk                                0x08000131   Thumb Code     0  entry2.o(.ARM.Collect$$$$00000001)
    _main_scatterload                        0x08000135   Thumb Code     0  entry5.o(.ARM.Collect$$$$00000004)
    __main_after_scatterload                 0x08000139   Thumb Code     0  entry5.o(.ARM.Collect$$$$00000004)
    _main_clock                              0x08000139   Thumb Code     0  entry7b.o(.ARM.Collect$$$$00000008)
    _main_cpp_init                           0x08000139   Thumb Code     0  entry8b.o(.ARM.Collect$$$$0000000A)
    _main_init                               0x08000139   Thumb Code     0  entry9a.o(.ARM.Collect$$$$0000000B)
    __rt_final_cpp                           0x08000141   Thumb Code     0  entry10a.o(.ARM.Collect$$$$0000000D)
    __rt_final_exit                          0x08000141   Thumb Code     0  entry11a.o(.ARM.Collect$$$$0000000F)
    Reset_Handler                            0x08000145   Thumb Code     8  startup_stm32f10x_hd.o(.text)
    SysTick_Handler                          0x0800015d   Thumb Code     2  startup_stm32f10x_hd.o(.text)
    ADC1_2_IRQHandler                        0x0800015f   Thumb Code     0  startup_stm32f10x_hd.o(.text)
    ADC3_IRQHandler                          0x0800015f   Thumb Code     0  startup_stm32f10x_hd.o(.text)
    CAN1_RX1_IRQHandler                      0x0800015f   Thumb Code     0  startup_stm32f10x_hd.o(.text)
    CAN1_SCE_IRQHandler                      0x0800015f   Thumb Code     0  startup_stm32f10x_hd.o(.text)
    DMA1_Channel1_IRQHandler                 0x0800015f   Thumb Code     0  startup_stm32f10x_hd.o(.text)
    DMA1_Channel2_IRQHandler                 0x0800015f   Thumb Code     0  startup_stm32f10x_hd.o(.text)
    DMA1_Channel3_IRQHandler                 0x0800015f   Thumb Code     0  startup_stm32f10x_hd.o(.text)
    DMA1_Channel4_IRQHandler                 0x0800015f   Thumb Code     0  startup_stm32f10x_hd.o(.text)
    DMA1_Channel5_IRQHandler                 0x0800015f   Thumb Code     0  startup_stm32f10x_hd.o(.text)
    DMA1_Channel6_IRQHandler                 0x0800015f   Thumb Code     0  startup_stm32f10x_hd.o(.text)
    DMA1_Channel7_IRQHandler                 0x0800015f   Thumb Code     0  startup_stm32f10x_hd.o(.text)
    DMA2_Channel1_IRQHandler                 0x0800015f   Thumb Code     0  startup_stm32f10x_hd.o(.text)
    DMA2_Channel2_IRQHandler                 0x0800015f   Thumb Code     0  startup_stm32f10x_hd.o(.text)
    DMA2_Channel3_IRQHandler                 0x0800015f   Thumb Code     0  startup_stm32f10x_hd.o(.text)
    DMA2_Channel4_5_IRQHandler               0x0800015f   Thumb Code     0  startup_stm32f10x_hd.o(.text)
    EXTI0_IRQHandler                         0x0800015f   Thumb Code     0  startup_stm32f10x_hd.o(.text)
    EXTI15_10_IRQHandler                     0x0800015f   Thumb Code     0  startup_stm32f10x_hd.o(.text)
    EXTI1_IRQHandler                         0x0800015f   Thumb Code     0  startup_stm32f10x_hd.o(.text)
    EXTI2_IRQHandler                         0x0800015f   Thumb Code     0  startup_stm32f10x_hd.o(.text)
    EXTI3_IRQHandler                         0x0800015f   Thumb Code     0  startup_stm32f10x_hd.o(.text)
    EXTI4_IRQHandler                         0x0800015f   Thumb Code     0  startup_stm32f10x_hd.o(.text)
    EXTI9_5_IRQHandler                       0x0800015f   Thumb Code     0  startup_stm32f10x_hd.o(.text)
    FLASH_IRQHandler                         0x0800015f   Thumb Code     0  startup_stm32f10x_hd.o(.text)
    FSMC_IRQHandler                          0x0800015f   Thumb Code     0  startup_stm32f10x_hd.o(.text)
    I2C1_ER_IRQHandler                       0x0800015f   Thumb Code     0  startup_stm32f10x_hd.o(.text)
    I2C1_EV_IRQHandler                       0x0800015f   Thumb Code     0  startup_stm32f10x_hd.o(.text)
    I2C2_ER_IRQHandler                       0x0800015f   Thumb Code     0  startup_stm32f10x_hd.o(.text)
    I2C2_EV_IRQHandler                       0x0800015f   Thumb Code     0  startup_stm32f10x_hd.o(.text)
    PVD_IRQHandler                           0x0800015f   Thumb Code     0  startup_stm32f10x_hd.o(.text)
    RCC_IRQHandler                           0x0800015f   Thumb Code     0  startup_stm32f10x_hd.o(.text)
    RTCAlarm_IRQHandler                      0x0800015f   Thumb Code     0  startup_stm32f10x_hd.o(.text)
    RTC_IRQHandler                           0x0800015f   Thumb Code     0  startup_stm32f10x_hd.o(.text)
    SDIO_IRQHandler                          0x0800015f   Thumb Code     0  startup_stm32f10x_hd.o(.text)
    SPI1_IRQHandler                          0x0800015f   Thumb Code     0  startup_stm32f10x_hd.o(.text)
    SPI2_IRQHandler                          0x0800015f   Thumb Code     0  startup_stm32f10x_hd.o(.text)
    SPI3_IRQHandler                          0x0800015f   Thumb Code     0  startup_stm32f10x_hd.o(.text)
    TAMPER_IRQHandler                        0x0800015f   Thumb Code     0  startup_stm32f10x_hd.o(.text)
    TIM1_BRK_IRQHandler                      0x0800015f   Thumb Code     0  startup_stm32f10x_hd.o(.text)
    TIM1_CC_IRQHandler                       0x0800015f   Thumb Code     0  startup_stm32f10x_hd.o(.text)
    TIM1_TRG_COM_IRQHandler                  0x0800015f   Thumb Code     0  startup_stm32f10x_hd.o(.text)
    TIM1_UP_IRQHandler                       0x0800015f   Thumb Code     0  startup_stm32f10x_hd.o(.text)
    TIM3_IRQHandler                          0x0800015f   Thumb Code     0  startup_stm32f10x_hd.o(.text)
    TIM5_IRQHandler                          0x0800015f   Thumb Code     0  startup_stm32f10x_hd.o(.text)
    TIM6_IRQHandler                          0x0800015f   Thumb Code     0  startup_stm32f10x_hd.o(.text)
    TIM7_IRQHandler                          0x0800015f   Thumb Code     0  startup_stm32f10x_hd.o(.text)
    TIM8_BRK_IRQHandler                      0x0800015f   Thumb Code     0  startup_stm32f10x_hd.o(.text)
    TIM8_CC_IRQHandler                       0x0800015f   Thumb Code     0  startup_stm32f10x_hd.o(.text)
    TIM8_TRG_COM_IRQHandler                  0x0800015f   Thumb Code     0  startup_stm32f10x_hd.o(.text)
    TIM8_UP_IRQHandler                       0x0800015f   Thumb Code     0  startup_stm32f10x_hd.o(.text)
    UART4_IRQHandler                         0x0800015f   Thumb Code     0  startup_stm32f10x_hd.o(.text)
    UART5_IRQHandler                         0x0800015f   Thumb Code     0  startup_stm32f10x_hd.o(.text)
    USART2_IRQHandler                        0x0800015f   Thumb Code     0  startup_stm32f10x_hd.o(.text)
    USART3_IRQHandler                        0x0800015f   Thumb Code     0  startup_stm32f10x_hd.o(.text)
    USBWakeUp_IRQHandler                     0x0800015f   Thumb Code     0  startup_stm32f10x_hd.o(.text)
    USB_HP_CAN1_TX_IRQHandler                0x0800015f   Thumb Code     0  startup_stm32f10x_hd.o(.text)
    USB_LP_CAN1_RX0_IRQHandler               0x0800015f   Thumb Code     0  startup_stm32f10x_hd.o(.text)
    WWDG_IRQHandler                          0x0800015f   Thumb Code     0  startup_stm32f10x_hd.o(.text)
    FlyControlAdjust                         0x08000169   Thumb Code   190  main.o(.text)
    FlyControlInit                           0x08000227   Thumb Code    94  main.o(.text)
    setup                                    0x08000285   Thumb Code    84  main.o(.text)
    main                                     0x080002d9   Thumb Code   160  main.o(.text)
    NMI_Handler                              0x080003c1   Thumb Code     2  stm32f10x_it.o(.text)
    HardFault_Handler                        0x080003c3   Thumb Code     4  stm32f10x_it.o(.text)
    MemManage_Handler                        0x080003c7   Thumb Code     4  stm32f10x_it.o(.text)
    BusFault_Handler                         0x080003cb   Thumb Code     4  stm32f10x_it.o(.text)
    UsageFault_Handler                       0x080003cf   Thumb Code     4  stm32f10x_it.o(.text)
    SVC_Handler                              0x080003d3   Thumb Code     2  stm32f10x_it.o(.text)
    DebugMon_Handler                         0x080003d5   Thumb Code     2  stm32f10x_it.o(.text)
    PendSV_Handler                           0x080003d7   Thumb Code     2  stm32f10x_it.o(.text)
    TIM2_Config                              0x080003d9   Thumb Code   102  systime.o(.text)
    System_Time_Init                         0x0800043f   Thumb Code    38  systime.o(.text)
    TIM2_Start                               0x08000465   Thumb Code    26  systime.o(.text)
    TIM2_Stop                                0x0800047f   Thumb Code    22  systime.o(.text)
    TIM2_IRQHandler                          0x08000495   Thumb Code   404  systime.o(.text)
    MPU6050_READ                             0x08000659   Thumb Code   434  mpu6050.o(.text)
    MPU6050_INIT                             0x0800080b   Thumb Code    72  mpu6050.o(.text)
    ACC_SET_OFFSET                           0x08000853   Thumb Code     2  mpu6050.o(.text)
    GYRO_SET_OFFSET                          0x08000855   Thumb Code    94  mpu6050.o(.text)
    number_to_dps                            0x080008d1   Thumb Code    36  imu.o(.text)
    number_to_dps1                           0x080008f5   Thumb Code    42  imu.o(.text)
    number_to_g                              0x0800091f   Thumb Code    38  imu.o(.text)
    Get_Accel_Angle                          0x08000945   Thumb Code   180  imu.o(.text)
    ACC_Angle_Filter                         0x080009f9   Thumb Code   230  imu.o(.text)
    IMUupdate                                0x08000adf   Thumb Code   350  imu.o(.text)
    IMUupdate1                               0x08000c3d   Thumb Code  1700  imu.o(.text)
    IMUupdate2                               0x080012e1   Thumb Code  1352  imu.o(.text)
    PID_WriteFlash                           0x08001841   Thumb Code   308  control.o(.text)
    PID_ReadFlash                            0x08001975   Thumb Code   298  control.o(.text)
    PID_Init                                 0x08001a9f   Thumb Code    94  control.o(.text)
    Get_MxMi                                 0x08001afd   Thumb Code    40  control.o(.text)
    CONTROL                                  0x08001b25   Thumb Code   904  control.o(.text)
    Is_Armed                                 0x08001ead   Thumb Code    44  control.o(.text)
    Is_DisArmed                              0x08001ed9   Thumb Code    40  control.o(.text)
    TIM4_Init                                0x08001f29   Thumb Code   308  rc.o(.text)
    RC_Init                                  0x0800205d   Thumb Code     8  rc.o(.text)
    TIM4_IRQHandler                          0x08002065   Thumb Code   500  rc.o(.text)
    Get_RightCH_Value                        0x08002259   Thumb Code    22  rc.o(.text)
    Value_2_Thr                              0x0800226f   Thumb Code    18  rc.o(.text)
    Value_2_Roll                             0x08002281   Thumb Code    66  rc.o(.text)
    Value_2_Pitch                            0x080022c3   Thumb Code    66  rc.o(.text)
    Vaule_2_Gyro                             0x08002305   Thumb Code    46  rc.o(.text)
    Channel_Adjust                           0x08002333   Thumb Code   642  rc.o(.text)
    Channel_Config                           0x080025b5   Thumb Code   196  rc.o(.text)
    Set_Motor                                0x080026d5   Thumb Code    48  motor.o(.text)
    TIM3_PWM_Init                            0x08002705   Thumb Code   250  motor.o(.text)
    Motor_Init                               0x080027ff   Thumb Code    38  motor.o(.text)
    Set_Servo                                0x08002825   Thumb Code   250  motor.o(.text)
    USART1_Config                            0x0800293d   Thumb Code   152  maincom.o(.text)
    fputc                                    0x080029d5   Thumb Code    30  maincom.o(.text)
    USART1_Send1Char                         0x080029f3   Thumb Code    28  maincom.o(.text)
    USART1_IRQHandler                        0x08002a0f   Thumb Code    94  maincom.o(.text)
    Data_Send_Attitude                       0x08002a6d   Thumb Code   350  maincom.o(.text)
    Data_Send_Control                        0x08002bcb   Thumb Code   342  maincom.o(.text)
    Data_Send_Offset                         0x08002d21   Thumb Code   282  maincom.o(.text)
    Data_Send_PID                            0x08002e3b   Thumb Code   428  maincom.o(.text)
    Recv_Command                             0x08002fe7   Thumb Code   138  maincom.o(.text)
    Get_Recv_PID                             0x08003071   Thumb Code   428  maincom.o(.text)
    Led_Refresh_Init                         0x08003235   Thumb Code    14  refreshled.o(.text)
    Led_Flash0                               0x08003243   Thumb Code   132  refreshled.o(.text)
    Led_Flash1                               0x080032c7   Thumb Code    96  refreshled.o(.text)
    Led_Flash2                               0x08003327   Thumb Code    40  refreshled.o(.text)
    Led_Flash3                               0x0800334f   Thumb Code   190  refreshled.o(.text)
    LED_GPIO_Config                          0x08003419   Thumb Code    50  led.o(.text)
    Delay_Init                               0x08003451   Thumb Code    52  systick.o(.text)
    delay_ms                                 0x08003485   Thumb Code    54  systick.o(.text)
    delay_us                                 0x080034bb   Thumb Code    54  systick.o(.text)
    I2C_INIT                                 0x080034f9   Thumb Code    68  myiic.o(.text)
    I2C_delay                                0x0800353d   Thumb Code     4  myiic.o(.text)
    delay5ms                                 0x08003541   Thumb Code    14  myiic.o(.text)
    I2C_Start                                0x0800354f   Thumb Code    92  myiic.o(.text)
    I2C_Stop                                 0x080035ab   Thumb Code    60  myiic.o(.text)
    I2C_Ack                                  0x080035e7   Thumb Code    60  myiic.o(.text)
    I2C_NoAck                                0x08003623   Thumb Code    60  myiic.o(.text)
    I2C_WaitAck                              0x0800365f   Thumb Code    92  myiic.o(.text)
    I2C_SendByte                             0x080036bb   Thumb Code    92  myiic.o(.text)
    I2C_RadeByte                             0x08003717   Thumb Code    86  myiic.o(.text)
    Single_Write                             0x0800376d   Thumb Code    70  myiic.o(.text)
    Single_Read                              0x080037b3   Thumb Code    80  myiic.o(.text)
    I2C_Read                                 0x08003803   Thumb Code   100  myiic.o(.text)
    MYDMA_Config                             0x0800386d   Thumb Code    82  dma.o(.text)
    MYDMA_Enable                             0x080038bf   Thumb Code    36  dma.o(.text)
    DMA1_USART1_SEND                         0x080038e3   Thumb Code    58  dma.o(.text)
    STMFLASH_ReadHalfWord                    0x0800392d   Thumb Code     6  stmflash.o(.text)
    STMFLASH_Read                            0x08003933   Thumb Code    34  stmflash.o(.text)
    STMFLASH_Write                           0x08003955   Thumb Code    88  stmflash.o(.text)
    GPIO_DeInit                              0x080039ad   Thumb Code   188  stm32f10x_gpio.o(.text)
    GPIO_AFIODeInit                          0x08003a69   Thumb Code    20  stm32f10x_gpio.o(.text)
    GPIO_Init                                0x08003a7d   Thumb Code   274  stm32f10x_gpio.o(.text)
    GPIO_StructInit                          0x08003b8f   Thumb Code    16  stm32f10x_gpio.o(.text)
    GPIO_ReadInputDataBit                    0x08003b9f   Thumb Code    18  stm32f10x_gpio.o(.text)
    GPIO_ReadInputData                       0x08003bb1   Thumb Code     8  stm32f10x_gpio.o(.text)
    GPIO_ReadOutputDataBit                   0x08003bb9   Thumb Code    18  stm32f10x_gpio.o(.text)
    GPIO_ReadOutputData                      0x08003bcb   Thumb Code     8  stm32f10x_gpio.o(.text)
    GPIO_SetBits                             0x08003bd3   Thumb Code     4  stm32f10x_gpio.o(.text)
    GPIO_ResetBits                           0x08003bd7   Thumb Code     4  stm32f10x_gpio.o(.text)
    GPIO_WriteBit                            0x08003bdb   Thumb Code    10  stm32f10x_gpio.o(.text)
    GPIO_Write                               0x08003be5   Thumb Code     4  stm32f10x_gpio.o(.text)
    GPIO_PinLockConfig                       0x08003be9   Thumb Code    18  stm32f10x_gpio.o(.text)
    GPIO_EventOutputConfig                   0x08003bfb   Thumb Code    26  stm32f10x_gpio.o(.text)
    GPIO_EventOutputCmd                      0x08003c15   Thumb Code     6  stm32f10x_gpio.o(.text)
    GPIO_PinRemapConfig                      0x08003c1b   Thumb Code   106  stm32f10x_gpio.o(.text)
    GPIO_EXTILineConfig                      0x08003c85   Thumb Code    66  stm32f10x_gpio.o(.text)
    RCC_DeInit                               0x08003cd9   Thumb Code    62  stm32f10x_rcc.o(.text)
    RCC_HSEConfig                            0x08003d17   Thumb Code    70  stm32f10x_rcc.o(.text)
    RCC_GetFlagStatus                        0x08003d5d   Thumb Code    56  stm32f10x_rcc.o(.text)
    RCC_WaitForHSEStartUp                    0x08003d95   Thumb Code    54  stm32f10x_rcc.o(.text)
    RCC_AdjustHSICalibrationValue            0x08003dcb   Thumb Code    20  stm32f10x_rcc.o(.text)
    RCC_HSICmd                               0x08003ddf   Thumb Code     6  stm32f10x_rcc.o(.text)
    RCC_PLLConfig                            0x08003de5   Thumb Code    24  stm32f10x_rcc.o(.text)
    RCC_PLLCmd                               0x08003dfd   Thumb Code     6  stm32f10x_rcc.o(.text)
    RCC_SYSCLKConfig                         0x08003e03   Thumb Code    18  stm32f10x_rcc.o(.text)
    RCC_GetSYSCLKSource                      0x08003e15   Thumb Code    10  stm32f10x_rcc.o(.text)
    RCC_HCLKConfig                           0x08003e1f   Thumb Code    18  stm32f10x_rcc.o(.text)
    RCC_PCLK1Config                          0x08003e31   Thumb Code    18  stm32f10x_rcc.o(.text)
    RCC_PCLK2Config                          0x08003e43   Thumb Code    20  stm32f10x_rcc.o(.text)
    RCC_ITConfig                             0x08003e57   Thumb Code    26  stm32f10x_rcc.o(.text)
    RCC_USBCLKConfig                         0x08003e71   Thumb Code     6  stm32f10x_rcc.o(.text)
    RCC_ADCCLKConfig                         0x08003e77   Thumb Code    18  stm32f10x_rcc.o(.text)
    RCC_LSEConfig                            0x08003e89   Thumb Code    44  stm32f10x_rcc.o(.text)
    RCC_LSICmd                               0x08003eb5   Thumb Code     6  stm32f10x_rcc.o(.text)
    RCC_RTCCLKConfig                         0x08003ebb   Thumb Code    12  stm32f10x_rcc.o(.text)
    RCC_RTCCLKCmd                            0x08003ec7   Thumb Code     8  stm32f10x_rcc.o(.text)
    RCC_GetClocksFreq                        0x08003ecf   Thumb Code   192  stm32f10x_rcc.o(.text)
    RCC_AHBPeriphClockCmd                    0x08003f8f   Thumb Code    26  stm32f10x_rcc.o(.text)
    RCC_APB2PeriphClockCmd                   0x08003fa9   Thumb Code    26  stm32f10x_rcc.o(.text)
    RCC_APB1PeriphClockCmd                   0x08003fc3   Thumb Code    26  stm32f10x_rcc.o(.text)
    RCC_APB2PeriphResetCmd                   0x08003fdd   Thumb Code    26  stm32f10x_rcc.o(.text)
    RCC_APB1PeriphResetCmd                   0x08003ff7   Thumb Code    26  stm32f10x_rcc.o(.text)
    RCC_BackupResetCmd                       0x08004011   Thumb Code     8  stm32f10x_rcc.o(.text)
    RCC_ClockSecuritySystemCmd               0x08004019   Thumb Code     6  stm32f10x_rcc.o(.text)
    RCC_MCOConfig                            0x0800401f   Thumb Code     6  stm32f10x_rcc.o(.text)
    RCC_ClearFlag                            0x08004025   Thumb Code    14  stm32f10x_rcc.o(.text)
    RCC_GetITStatus                          0x08004033   Thumb Code    20  stm32f10x_rcc.o(.text)
    RCC_ClearITPendingBit                    0x08004047   Thumb Code     6  stm32f10x_rcc.o(.text)
    USART_DeInit                             0x08004079   Thumb Code   146  stm32f10x_usart.o(.text)
    USART_Init                               0x0800410b   Thumb Code   150  stm32f10x_usart.o(.text)
    USART_StructInit                         0x080041a1   Thumb Code    24  stm32f10x_usart.o(.text)
    USART_ClockInit                          0x080041b9   Thumb Code    34  stm32f10x_usart.o(.text)
    USART_ClockStructInit                    0x080041db   Thumb Code    12  stm32f10x_usart.o(.text)
    USART_Cmd                                0x080041e7   Thumb Code    24  stm32f10x_usart.o(.text)
    USART_ITConfig                           0x080041ff   Thumb Code    64  stm32f10x_usart.o(.text)
    USART_DMACmd                             0x0800423f   Thumb Code    18  stm32f10x_usart.o(.text)
    USART_SetAddress                         0x08004251   Thumb Code    18  stm32f10x_usart.o(.text)
    USART_WakeUpConfig                       0x08004263   Thumb Code    18  stm32f10x_usart.o(.text)
    USART_ReceiverWakeUpCmd                  0x08004275   Thumb Code    24  stm32f10x_usart.o(.text)
    USART_LINBreakDetectLengthConfig         0x0800428d   Thumb Code    18  stm32f10x_usart.o(.text)
    USART_LINCmd                             0x0800429f   Thumb Code    24  stm32f10x_usart.o(.text)
    USART_SendData                           0x080042b7   Thumb Code     8  stm32f10x_usart.o(.text)
    USART_ReceiveData                        0x080042bf   Thumb Code    10  stm32f10x_usart.o(.text)
    USART_SendBreak                          0x080042c9   Thumb Code    10  stm32f10x_usart.o(.text)
    USART_SetGuardTime                       0x080042d3   Thumb Code    16  stm32f10x_usart.o(.text)
    USART_SetPrescaler                       0x080042e3   Thumb Code    16  stm32f10x_usart.o(.text)
    USART_SmartCardCmd                       0x080042f3   Thumb Code    24  stm32f10x_usart.o(.text)
    USART_SmartCardNACKCmd                   0x0800430b   Thumb Code    24  stm32f10x_usart.o(.text)
    USART_HalfDuplexCmd                      0x08004323   Thumb Code    24  stm32f10x_usart.o(.text)
    USART_IrDAConfig                         0x0800433b   Thumb Code    18  stm32f10x_usart.o(.text)
    USART_IrDACmd                            0x0800434d   Thumb Code    24  stm32f10x_usart.o(.text)
    USART_GetFlagStatus                      0x08004365   Thumb Code    18  stm32f10x_usart.o(.text)
    USART_ClearFlag                          0x08004377   Thumb Code     6  stm32f10x_usart.o(.text)
    USART_GetITStatus                        0x0800437d   Thumb Code    76  stm32f10x_usart.o(.text)
    USART_ClearITPendingBit                  0x080043c9   Thumb Code    20  stm32f10x_usart.o(.text)
    NVIC_PriorityGroupConfig                 0x080043e9   Thumb Code    10  misc.o(.text)
    NVIC_Init                                0x080043f3   Thumb Code   102  misc.o(.text)
    NVIC_SetVectorTable                      0x08004459   Thumb Code    14  misc.o(.text)
    NVIC_SystemLPConfig                      0x08004467   Thumb Code    34  misc.o(.text)
    SysTick_CLKSourceConfig                  0x08004489   Thumb Code    40  misc.o(.text)
    TIM_DeInit                               0x080044c5   Thumb Code   214  stm32f10x_tim.o(.text)
    TIM_TimeBaseInit                         0x0800459b   Thumb Code    50  stm32f10x_tim.o(.text)
    TIM_OC1Init                              0x080045cd   Thumb Code   110  stm32f10x_tim.o(.text)
    TIM_OC2Init                              0x0800463b   Thumb Code   148  stm32f10x_tim.o(.text)
    TIM_OC3Init                              0x080046cf   Thumb Code   144  stm32f10x_tim.o(.text)
    TIM_OC4Init                              0x0800475f   Thumb Code   106  stm32f10x_tim.o(.text)
    TIM_SetIC4Prescaler                      0x080047c9   Thumb Code    26  stm32f10x_tim.o(.text)
    TIM_SetIC3Prescaler                      0x08004835   Thumb Code    18  stm32f10x_tim.o(.text)
    TIM_SetIC2Prescaler                      0x0800488f   Thumb Code    42  stm32f10x_tim.o(.text)
    TIM_SetIC1Prescaler                      0x08004909   Thumb Code    18  stm32f10x_tim.o(.text)
    TIM_ICInit                               0x08004953   Thumb Code   110  stm32f10x_tim.o(.text)
    TIM_PWMIConfig                           0x080049c1   Thumb Code   124  stm32f10x_tim.o(.text)
    TIM_BDTRConfig                           0x08004a3d   Thumb Code    32  stm32f10x_tim.o(.text)
    TIM_TimeBaseStructInit                   0x08004a5d   Thumb Code    18  stm32f10x_tim.o(.text)
    TIM_OCStructInit                         0x08004a6f   Thumb Code    20  stm32f10x_tim.o(.text)
    TIM_ICStructInit                         0x08004a83   Thumb Code    18  stm32f10x_tim.o(.text)
    TIM_BDTRStructInit                       0x08004a95   Thumb Code    18  stm32f10x_tim.o(.text)
    TIM_Cmd                                  0x08004aa7   Thumb Code    24  stm32f10x_tim.o(.text)
    TIM_CtrlPWMOutputs                       0x08004abf   Thumb Code    30  stm32f10x_tim.o(.text)
    TIM_ITConfig                             0x08004add   Thumb Code    18  stm32f10x_tim.o(.text)
    TIM_GenerateEvent                        0x08004aef   Thumb Code     4  stm32f10x_tim.o(.text)
    TIM_DMAConfig                            0x08004af3   Thumb Code    10  stm32f10x_tim.o(.text)
    TIM_DMACmd                               0x08004afd   Thumb Code    18  stm32f10x_tim.o(.text)
    TIM_InternalClockConfig                  0x08004b0f   Thumb Code    12  stm32f10x_tim.o(.text)
    TIM_SelectInputTrigger                   0x08004b1b   Thumb Code    18  stm32f10x_tim.o(.text)
    TIM_ITRxExternalClockConfig              0x08004b2d   Thumb Code    24  stm32f10x_tim.o(.text)
    TIM_TIxExternalClockConfig               0x08004b45   Thumb Code    62  stm32f10x_tim.o(.text)
    TIM_ETRConfig                            0x08004b83   Thumb Code    30  stm32f10x_tim.o(.text)
    TIM_ETRClockMode1Config                  0x08004ba1   Thumb Code    54  stm32f10x_tim.o(.text)
    TIM_ETRClockMode2Config                  0x08004bd7   Thumb Code    32  stm32f10x_tim.o(.text)
    TIM_PrescalerConfig                      0x08004bf7   Thumb Code     6  stm32f10x_tim.o(.text)
    TIM_CounterModeConfig                    0x08004bfd   Thumb Code    18  stm32f10x_tim.o(.text)
    TIM_EncoderInterfaceConfig               0x08004c0f   Thumb Code    66  stm32f10x_tim.o(.text)
    TIM_ForcedOC1Config                      0x08004c51   Thumb Code    18  stm32f10x_tim.o(.text)
    TIM_ForcedOC2Config                      0x08004c63   Thumb Code    26  stm32f10x_tim.o(.text)
    TIM_ForcedOC3Config                      0x08004c7d   Thumb Code    18  stm32f10x_tim.o(.text)
    TIM_ForcedOC4Config                      0x08004c8f   Thumb Code    26  stm32f10x_tim.o(.text)
    TIM_ARRPreloadConfig                     0x08004ca9   Thumb Code    24  stm32f10x_tim.o(.text)
    TIM_SelectCOM                            0x08004cc1   Thumb Code    24  stm32f10x_tim.o(.text)
    TIM_SelectCCDMA                          0x08004cd9   Thumb Code    24  stm32f10x_tim.o(.text)
    TIM_CCPreloadControl                     0x08004cf1   Thumb Code    24  stm32f10x_tim.o(.text)
    TIM_OC1PreloadConfig                     0x08004d09   Thumb Code    18  stm32f10x_tim.o(.text)
    TIM_OC2PreloadConfig                     0x08004d1b   Thumb Code    26  stm32f10x_tim.o(.text)
    TIM_OC3PreloadConfig                     0x08004d35   Thumb Code    18  stm32f10x_tim.o(.text)
    TIM_OC4PreloadConfig                     0x08004d47   Thumb Code    26  stm32f10x_tim.o(.text)
    TIM_OC1FastConfig                        0x08004d61   Thumb Code    18  stm32f10x_tim.o(.text)
    TIM_OC2FastConfig                        0x08004d73   Thumb Code    26  stm32f10x_tim.o(.text)
    TIM_OC3FastConfig                        0x08004d8d   Thumb Code    18  stm32f10x_tim.o(.text)
    TIM_OC4FastConfig                        0x08004d9f   Thumb Code    26  stm32f10x_tim.o(.text)
    TIM_ClearOC1Ref                          0x08004db9   Thumb Code    18  stm32f10x_tim.o(.text)
    TIM_ClearOC2Ref                          0x08004dcb   Thumb Code    24  stm32f10x_tim.o(.text)
    TIM_ClearOC3Ref                          0x08004de3   Thumb Code    18  stm32f10x_tim.o(.text)
    TIM_ClearOC4Ref                          0x08004df5   Thumb Code    24  stm32f10x_tim.o(.text)
    TIM_OC1PolarityConfig                    0x08004e0d   Thumb Code    18  stm32f10x_tim.o(.text)
    TIM_OC1NPolarityConfig                   0x08004e1f   Thumb Code    18  stm32f10x_tim.o(.text)
    TIM_OC2PolarityConfig                    0x08004e31   Thumb Code    26  stm32f10x_tim.o(.text)
    TIM_OC2NPolarityConfig                   0x08004e4b   Thumb Code    26  stm32f10x_tim.o(.text)
    TIM_OC3PolarityConfig                    0x08004e65   Thumb Code    26  stm32f10x_tim.o(.text)
    TIM_OC3NPolarityConfig                   0x08004e7f   Thumb Code    26  stm32f10x_tim.o(.text)
    TIM_OC4PolarityConfig                    0x08004e99   Thumb Code    26  stm32f10x_tim.o(.text)
    TIM_CCxCmd                               0x08004eb3   Thumb Code    26  stm32f10x_tim.o(.text)
    TIM_CCxNCmd                              0x08004ecd   Thumb Code    26  stm32f10x_tim.o(.text)
    TIM_SelectOCxM                           0x08004ee7   Thumb Code   134  stm32f10x_tim.o(.text)
    TIM_UpdateDisableConfig                  0x08004f6d   Thumb Code    24  stm32f10x_tim.o(.text)
    TIM_UpdateRequestConfig                  0x08004f85   Thumb Code    24  stm32f10x_tim.o(.text)
    TIM_SelectHallSensor                     0x08004f9d   Thumb Code    24  stm32f10x_tim.o(.text)
    TIM_SelectOnePulseMode                   0x08004fb5   Thumb Code    18  stm32f10x_tim.o(.text)
    TIM_SelectOutputTrigger                  0x08004fc7   Thumb Code    18  stm32f10x_tim.o(.text)
    TIM_SelectSlaveMode                      0x08004fd9   Thumb Code    18  stm32f10x_tim.o(.text)
    TIM_SelectMasterSlaveMode                0x08004feb   Thumb Code    18  stm32f10x_tim.o(.text)
    TIM_SetCounter                           0x08004ffd   Thumb Code     4  stm32f10x_tim.o(.text)
    TIM_SetAutoreload                        0x08005001   Thumb Code     4  stm32f10x_tim.o(.text)
    TIM_SetCompare1                          0x08005005   Thumb Code     4  stm32f10x_tim.o(.text)
    TIM_SetCompare2                          0x08005009   Thumb Code     4  stm32f10x_tim.o(.text)
    TIM_SetCompare3                          0x0800500d   Thumb Code     4  stm32f10x_tim.o(.text)
    TIM_SetCompare4                          0x08005011   Thumb Code     6  stm32f10x_tim.o(.text)
    TIM_SetClockDivision                     0x08005017   Thumb Code    14  stm32f10x_tim.o(.text)
    TIM_GetCapture1                          0x08005025   Thumb Code     6  stm32f10x_tim.o(.text)
    TIM_GetCapture2                          0x0800502b   Thumb Code     6  stm32f10x_tim.o(.text)
    TIM_GetCapture3                          0x08005031   Thumb Code     6  stm32f10x_tim.o(.text)
    TIM_GetCapture4                          0x08005037   Thumb Code     8  stm32f10x_tim.o(.text)
    TIM_GetCounter                           0x0800503f   Thumb Code     6  stm32f10x_tim.o(.text)
    TIM_GetPrescaler                         0x08005045   Thumb Code     6  stm32f10x_tim.o(.text)
    TIM_GetFlagStatus                        0x0800504b   Thumb Code    18  stm32f10x_tim.o(.text)
    TIM_ClearFlag                            0x0800505d   Thumb Code     6  stm32f10x_tim.o(.text)
    TIM_GetITStatus                          0x08005063   Thumb Code    34  stm32f10x_tim.o(.text)
    TIM_ClearITPendingBit                    0x08005085   Thumb Code     6  stm32f10x_tim.o(.text)
    DMA_DeInit                               0x0800508d   Thumb Code   306  stm32f10x_dma.o(.text)
    DMA_Init                                 0x080051bf   Thumb Code    60  stm32f10x_dma.o(.text)
    DMA_StructInit                           0x080051fb   Thumb Code    26  stm32f10x_dma.o(.text)
    DMA_Cmd                                  0x08005215   Thumb Code    22  stm32f10x_dma.o(.text)
    DMA_ITConfig                             0x0800522b   Thumb Code    18  stm32f10x_dma.o(.text)
    DMA_GetCurrDataCounter                   0x0800523d   Thumb Code     8  stm32f10x_dma.o(.text)
    DMA_GetFlagStatus                        0x08005245   Thumb Code    38  stm32f10x_dma.o(.text)
    DMA_ClearFlag                            0x0800526b   Thumb Code    20  stm32f10x_dma.o(.text)
    DMA_GetITStatus                          0x0800527f   Thumb Code    38  stm32f10x_dma.o(.text)
    DMA_ClearITPendingBit                    0x080052a5   Thumb Code    20  stm32f10x_dma.o(.text)
    FLASH_SetLatency                         0x080052c9   Thumb Code    18  stm32f10x_flash.o(.text)
    FLASH_HalfCycleAccessCmd                 0x080052db   Thumb Code    22  stm32f10x_flash.o(.text)
    FLASH_PrefetchBufferCmd                  0x080052f1   Thumb Code    22  stm32f10x_flash.o(.text)
    FLASH_Unlock                             0x08005307   Thumb Code    12  stm32f10x_flash.o(.text)
    FLASH_Lock                               0x08005313   Thumb Code    14  stm32f10x_flash.o(.text)
    FLASH_GetStatus                          0x08005321   Thumb Code    48  stm32f10x_flash.o(.text)
    FLASH_WaitForLastOperation               0x0800536b   Thumb Code    42  stm32f10x_flash.o(.text)
    FLASH_ErasePage                          0x08005395   Thumb Code    76  stm32f10x_flash.o(.text)
    FLASH_EraseAllPages                      0x080053e1   Thumb Code    72  stm32f10x_flash.o(.text)
    FLASH_EraseOptionBytes                   0x08005429   Thumb Code   142  stm32f10x_flash.o(.text)
    FLASH_ProgramWord                        0x080054b7   Thumb Code   100  stm32f10x_flash.o(.text)
    FLASH_ProgramHalfWord                    0x0800551b   Thumb Code    64  stm32f10x_flash.o(.text)
    FLASH_ProgramOptionByteData              0x0800555b   Thumb Code    72  stm32f10x_flash.o(.text)
    FLASH_EnableWriteProtection              0x080055a3   Thumb Code   182  stm32f10x_flash.o(.text)
    FLASH_ReadOutProtection                  0x08005659   Thumb Code   174  stm32f10x_flash.o(.text)
    FLASH_UserOptionByteConfig               0x08005707   Thumb Code    94  stm32f10x_flash.o(.text)
    FLASH_GetUserOptionByte                  0x08005765   Thumb Code     8  stm32f10x_flash.o(.text)
    FLASH_GetWriteProtectionOptionByte       0x0800576d   Thumb Code     6  stm32f10x_flash.o(.text)
    FLASH_GetReadOutProtectionStatus         0x08005773   Thumb Code    20  stm32f10x_flash.o(.text)
    FLASH_GetPrefetchBufferStatus            0x08005787   Thumb Code    20  stm32f10x_flash.o(.text)
    FLASH_ITConfig                           0x0800579b   Thumb Code    26  stm32f10x_flash.o(.text)
    FLASH_GetFlagStatus                      0x080057b5   Thumb Code    42  stm32f10x_flash.o(.text)
    FLASH_ClearFlag                          0x080057df   Thumb Code     6  stm32f10x_flash.o(.text)
    SystemInit                               0x080058d7   Thumb Code    68  system_stm32f10x.o(.text)
    __aeabi_fadd                             0x0800592d   Thumb Code   164  fadd.o(.text)
    __aeabi_fsub                             0x080059d1   Thumb Code     6  fadd.o(.text)
    __aeabi_frsub                            0x080059d7   Thumb Code     6  fadd.o(.text)
    __aeabi_fmul                             0x080059dd   Thumb Code   108  fmul.o(.text)
    __aeabi_fdiv                             0x08005a49   Thumb Code   128  fdiv.o(.text)
    __aeabi_dadd                             0x08005ac9   Thumb Code   322  dadd.o(.text)
    __aeabi_dsub                             0x08005c0b   Thumb Code     6  dadd.o(.text)
    __aeabi_drsub                            0x08005c11   Thumb Code     6  dadd.o(.text)
    __aeabi_dmul                             0x08005c17   Thumb Code   228  dmul.o(.text)
    __aeabi_ddiv                             0x08005cfb   Thumb Code   222  ddiv.o(.text)
    __aeabi_i2f                              0x08005dd9   Thumb Code    18  fflti.o(.text)
    __aeabi_ui2f                             0x08005deb   Thumb Code    10  ffltui.o(.text)
    __aeabi_i2d                              0x08005df5   Thumb Code    34  dflti.o(.text)
    __aeabi_f2iz                             0x08005e17   Thumb Code    50  ffixi.o(.text)
    __aeabi_f2uiz                            0x08005e49   Thumb Code    40  ffixui.o(.text)
    __aeabi_d2iz                             0x08005e71   Thumb Code    62  dfixi.o(.text)
    __aeabi_d2uiz                            0x08005eaf   Thumb Code    50  dfixui.o(.text)
    __aeabi_f2d                              0x08005ee1   Thumb Code    38  f2d.o(.text)
    __aeabi_d2f                              0x08005f07   Thumb Code    56  d2f.o(.text)
    __aeabi_cfcmpeq                          0x08005f41   Thumb Code     0  cfcmple.o(.text)
    __aeabi_cfcmple                          0x08005f41   Thumb Code    20  cfcmple.o(.text)
    __aeabi_cfrcmple                         0x08005f55   Thumb Code    20  cfrcmple.o(.text)
    __aeabi_uidiv                            0x08005f69   Thumb Code     0  uidiv.o(.text)
    __aeabi_uidivmod                         0x08005f69   Thumb Code    44  uidiv.o(.text)
    __aeabi_llsl                             0x08005f95   Thumb Code    30  llshl.o(.text)
    _ll_shift_l                              0x08005f95   Thumb Code     0  llshl.o(.text)
    __aeabi_llsr                             0x08005fb3   Thumb Code    32  llushr.o(.text)
    _ll_ushift_r                             0x08005fb3   Thumb Code     0  llushr.o(.text)
    __aeabi_lasr                             0x08005fd3   Thumb Code    36  llsshr.o(.text)
    _ll_sshift_r                             0x08005fd3   Thumb Code     0  llsshr.o(.text)
    __I$use$fp                               0x08005ff7   Thumb Code     0  iusefp.o(.text)
    _float_round                             0x08005ff7   Thumb Code    18  fepilogue.o(.text)
    _float_epilogue                          0x08006009   Thumb Code    90  fepilogue.o(.text)
    _fsqrt                                   0x08006063   Thumb Code    94  fsqrt.o(.text)
    _double_round                            0x080060c1   Thumb Code    26  depilogue.o(.text)
    _double_epilogue                         0x080060db   Thumb Code   164  depilogue.o(.text)
    __ARM_scalbn                             0x0800617f   Thumb Code    46  dscalb.o(.text)
    scalbn                                   0x0800617f   Thumb Code     0  dscalb.o(.text)
    _dsqrt                                   0x080061ad   Thumb Code   162  dsqrt.o(.text)
    __scatterload                            0x08006251   Thumb Code    28  init.o(.text)
    __scatterload_rt2                        0x08006251   Thumb Code     0  init.o(.text)
    __aeabi_ui2d                             0x08006275   Thumb Code    26  dfltui.o(.text)
    __0printf$1                              0x08006291   Thumb Code    22  printf1.o(i.__0printf$1)
    __1printf$1                              0x08006291   Thumb Code     0  printf1.o(i.__0printf$1)
    __2printf                                0x08006291   Thumb Code     0  printf1.o(i.__0printf$1)
    __ARM_fpclassify                         0x080062b1   Thumb Code    40  fpclassify.o(i.__ARM_fpclassify)
    __ieee754_rem_pio2                       0x080062d9   Thumb Code   832  rred.o(i.__ieee754_rem_pio2)
    __kernel_cos                             0x08006661   Thumb Code   230  cos_i.o(i.__kernel_cos)
    __kernel_poly                            0x0800675d   Thumb Code   170  poly.o(i.__kernel_poly)
    __kernel_sin                             0x08006809   Thumb Code   224  sin_i.o(i.__kernel_sin)
    __mathlib_dbl_underflow                  0x080068f5   Thumb Code    10  dunder.o(i.__mathlib_dbl_underflow)
    __scatterload_copy                       0x08006905   Thumb Code    14  handlers.o(i.__scatterload_copy)
    __scatterload_null                       0x08006913   Thumb Code     2  handlers.o(i.__scatterload_null)
    __scatterload_zeroinit                   0x08006915   Thumb Code    14  handlers.o(i.__scatterload_zeroinit)
    __set_errno                              0x08006925   Thumb Code     6  errno.o(i.__set_errno)
    asin                                     0x08006a85   Thumb Code   584  asin.o(i.asin)
    atan                                     0x08006d01   Thumb Code   478  atan.o(i.atan)
    atan2                                    0x08006f25   Thumb Code   346  atan2.o(i.atan2)
    cos                                      0x080070a5   Thumb Code   164  cos.o(i.cos)
    sin                                      0x08007151   Thumb Code   166  sin.o(i.sin)
    sqrt                                     0x08007201   Thumb Code    76  sqrt.o(i.sqrt)
    sqrtf                                    0x0800724d   Thumb Code    44  sqrtf.o(i.sqrtf)
    __mathlib_zero                           0x08007390   Data           8  qnan.o(.constdata)
    Region$$Table$$Base                      0x08007488   Number         0  anon$$obj.o(Region$$Table)
    Region$$Table$$Limit                     0x080074a8   Number         0  anon$$obj.o(Region$$Table)
    time2_tick                               0x20000000   Data           4  systime.o(.data)
    time2_led                                0x20000004   Data           4  systime.o(.data)
    acc                                      0x20000008   Data           6  systime.o(.data)
    gyro                                     0x2000000e   Data           6  systime.o(.data)
    mag                                      0x20000014   Data           6  systime.o(.data)
    GYRO_OFFSET                              0x2000001a   Data           6  mpu6050.o(.data)
    ACC_OFFSET                               0x20000020   Data           6  mpu6050.o(.data)
    MPU6050_ACC_LAST                         0x20000026   Data           6  mpu6050.o(.data)
    MPU6050_GYRO_LAST                        0x2000002c   Data           6  mpu6050.o(.data)
    q0                                       0x20000034   Data           4  imu.o(.data)
    q1                                       0x20000038   Data           4  imu.o(.data)
    q2                                       0x2000003c   Data           4  imu.o(.data)
    q3                                       0x20000040   Data           4  imu.o(.data)
    exInt                                    0x20000044   Data           4  imu.o(.data)
    eyInt                                    0x20000048   Data           4  imu.o(.data)
    ezInt                                    0x2000004c   Data           4  imu.o(.data)
    moto1                                    0x20000070   Data           2  control.o(.data)
    moto2                                    0x20000072   Data           2  control.o(.data)
    moto3                                    0x20000074   Data           2  control.o(.data)
    moto4                                    0x20000076   Data           2  control.o(.data)
    ARMED                                    0x20000078   Data           1  control.o(.data)
    TIM4CH1_CAPTURE_STA                      0x2000007a   Data           1  rc.o(.data)
    TIM4CH2_CAPTURE_STA                      0x2000007b   Data           1  rc.o(.data)
    TIM4CH3_CAPTURE_STA                      0x2000007c   Data           1  rc.o(.data)
    TIM4CH4_CAPTURE_STA                      0x2000007d   Data           1  rc.o(.data)
    CH1_MxMi                                 0x2000007e   Data           4  rc.o(.data)
    CH2_MxMi                                 0x20000082   Data           4  rc.o(.data)
    CH3_MxMi                                 0x20000086   Data           4  rc.o(.data)
    CH4_MxMi                                 0x2000008a   Data           4  rc.o(.data)
    CH6_MxMi                                 0x2000008e   Data           4  rc.o(.data)
    CH7_MxMi                                 0x20000092   Data           4  rc.o(.data)
    CH8_MxMi                                 0x20000096   Data           4  rc.o(.data)
    TIM4CH1_CAPTURE_UPVAL                    0x2000009a   Data           2  rc.o(.data)
    TIM4CH1_CAPTURE_DOWNVAL                  0x2000009c   Data           2  rc.o(.data)
    TIM4CH2_CAPTURE_UPVAL                    0x2000009e   Data           2  rc.o(.data)
    TIM4CH2_CAPTURE_DOWNVAL                  0x200000a0   Data           2  rc.o(.data)
    TIM4CH3_CAPTURE_UPVAL                    0x200000a2   Data           2  rc.o(.data)
    TIM4CH3_CAPTURE_DOWNVAL                  0x200000a4   Data           2  rc.o(.data)
    TIM4CH4_CAPTURE_UPVAL                    0x200000a6   Data           2  rc.o(.data)
    TIM4CH4_CAPTURE_DOWNVAL                  0x200000a8   Data           2  rc.o(.data)
    recv_point                               0x200000aa   Data           1  maincom.o(.data)
    recv_buf                                 0x200000ab   Data           1  maincom.o(.data)
    DMA_DATA_SEND_FLAG                       0x200000ac   Data           1  maincom.o(.data)
    Receive_Complete                         0x200000ad   Data           1  maincom.o(.data)
    led_state                                0x200000ae   Data           1  refreshled.o(.data)
    DMA1_MEM_LEN                             0x200000b4   Data           2  dma.o(.data)
    __stdout                                 0x200000cc   Data           4  stdout.o(.data)
    mpu6050_buffer                           0x200000d4   Data          14  mpu6050.o(.bss)
    BUF                                      0x200000e2   Data          14  mpu6050.o(.bss)
    Q_ANGLE                                  0x200000f0   Data          12  imu.o(.bss)
    roll_data                                0x200000fc   Data          16  imu.o(.bss)
    pitch_data                               0x2000010c   Data          16  imu.o(.bss)
    PID_ROL                                  0x2000011c   Data          32  control.o(.bss)
    PID_PIT                                  0x2000013c   Data          32  control.o(.bss)
    PID_YAW                                  0x2000015c   Data          32  control.o(.bss)
    CH5_Mode                                 0x2000017c   Data          12  rc.o(.bss)
    RC_CH                                    0x20000188   Data          16  rc.o(.bss)
    recv_dat                                 0x20000198   Data          32  maincom.o(.bss)
    DMA_InitStructure                        0x200001b8   Data          44  dma.o(.bss)
    __initial_sp                             0x200005e8   Data           0  startup_stm32f10x_hd.o(STACK)



==============================================================================

Memory Map of the image

  Image Entry point : 0x08000131

  Load Region LR_IROM1 (Base: 0x08000000, Size: 0x0000757c, Max: 0x00020000, ABSOLUTE)

    Execution Region ER_IROM1 (Base: 0x08000000, Size: 0x000074a8, Max: 0x00020000, ABSOLUTE)

    Base Addr    Size         Type   Attr      Idx    E Section Name        Object

    0x08000000   0x00000130   Data   RO            3    RESET               startup_stm32f10x_hd.o
    0x08000130   0x00000000   Code   RO           82  * .ARM.Collect$$$$00000000  mc_w.l(entry.o)
    0x08000130   0x00000004   Code   RO          252    .ARM.Collect$$$$00000001  mc_w.l(entry2.o)
    0x08000134   0x00000004   Code   RO          255    .ARM.Collect$$$$00000004  mc_w.l(entry5.o)
    0x08000138   0x00000000   Code   RO          257    .ARM.Collect$$$$00000008  mc_w.l(entry7b.o)
    0x08000138   0x00000000   Code   RO          259    .ARM.Collect$$$$0000000A  mc_w.l(entry8b.o)
    0x08000138   0x00000008   Code   RO          260    .ARM.Collect$$$$0000000B  mc_w.l(entry9a.o)
    0x08000140   0x00000000   Code   RO          262    .ARM.Collect$$$$0000000D  mc_w.l(entry10a.o)
    0x08000140   0x00000000   Code   RO          264    .ARM.Collect$$$$0000000F  mc_w.l(entry11a.o)
    0x08000140   0x00000004   Code   RO          253    .ARM.Collect$$$$00002712  mc_w.l(entry2.o)
    0x08000144   0x00000024   Code   RO            4    .text               startup_stm32f10x_hd.o
    0x08000168   0x00000258   Code   RO            5    .text               main.o
    0x080003c0   0x00000018   Code   RO            6    .text               stm32f10x_it.o
    0x080003d8   0x00000280   Code   RO            7    .text               systime.o
    0x08000658   0x00000278   Code   RO            9    .text               mpu6050.o
    0x080008d0   0x00000f70   Code   RO           12    .text               imu.o
    0x08001840   0x000006e8   Code   RO           15    .text               control.o
    0x08001f28   0x000007ac   Code   RO           18    .text               rc.o
    0x080026d4   0x00000268   Code   RO           21    .text               motor.o
    0x0800293c   0x000008f8   Code   RO           22    .text               maincom.o
    0x08003234   0x000001e4   Code   RO           25    .text               refreshled.o
    0x08003418   0x00000038   Code   RO           29    .text               led.o
    0x08003450   0x000000a8   Code   RO           30    .text               systick.o
    0x080034f8   0x00000374   Code   RO           32    .text               myiic.o
    0x0800386c   0x000000c0   Code   RO           35    .text               dma.o
    0x0800392c   0x00000080   Code   RO           38    .text               stmflash.o
    0x080039ac   0x0000032c   Code   RO           39    .text               stm32f10x_gpio.o
    0x08003cd8   0x000003a0   Code   RO           40    .text               stm32f10x_rcc.o
    0x08004078   0x00000370   Code   RO           42    .text               stm32f10x_usart.o
    0x080043e8   0x000000dc   Code   RO           43    .text               misc.o
    0x080044c4   0x00000bc6   Code   RO           44    .text               stm32f10x_tim.o
    0x0800508a   0x00000002   PAD
    0x0800508c   0x0000023c   Code   RO           51    .text               stm32f10x_dma.o
    0x080052c8   0x0000052c   Code   RO           52    .text               stm32f10x_flash.o
    0x080057f4   0x00000138   Code   RO           54    .text               system_stm32f10x.o
    0x0800592c   0x000000b0   Code   RO          216    .text               mf_w.l(fadd.o)
    0x080059dc   0x0000006c   Code   RO          217    .text               mf_w.l(fmul.o)
    0x08005a48   0x00000080   Code   RO          218    .text               mf_w.l(fdiv.o)
    0x08005ac8   0x0000014e   Code   RO          219    .text               mf_w.l(dadd.o)
    0x08005c16   0x000000e4   Code   RO          220    .text               mf_w.l(dmul.o)
    0x08005cfa   0x000000de   Code   RO          221    .text               mf_w.l(ddiv.o)
    0x08005dd8   0x00000012   Code   RO          222    .text               mf_w.l(fflti.o)
    0x08005dea   0x0000000a   Code   RO          223    .text               mf_w.l(ffltui.o)
    0x08005df4   0x00000022   Code   RO          224    .text               mf_w.l(dflti.o)
    0x08005e16   0x00000032   Code   RO          225    .text               mf_w.l(ffixi.o)
    0x08005e48   0x00000028   Code   RO          226    .text               mf_w.l(ffixui.o)
    0x08005e70   0x0000003e   Code   RO          227    .text               mf_w.l(dfixi.o)
    0x08005eae   0x00000032   Code   RO          228    .text               mf_w.l(dfixui.o)
    0x08005ee0   0x00000026   Code   RO          229    .text               mf_w.l(f2d.o)
    0x08005f06   0x00000038   Code   RO          230    .text               mf_w.l(d2f.o)
    0x08005f3e   0x00000002   PAD
    0x08005f40   0x00000014   Code   RO          231    .text               mf_w.l(cfcmple.o)
    0x08005f54   0x00000014   Code   RO          232    .text               mf_w.l(cfrcmple.o)
    0x08005f68   0x0000002c   Code   RO          267    .text               mc_w.l(uidiv.o)
    0x08005f94   0x0000001e   Code   RO          269    .text               mc_w.l(llshl.o)
    0x08005fb2   0x00000020   Code   RO          270    .text               mc_w.l(llushr.o)
    0x08005fd2   0x00000024   Code   RO          271    .text               mc_w.l(llsshr.o)
    0x08005ff6   0x00000000   Code   RO          276    .text               mc_w.l(iusefp.o)
    0x08005ff6   0x0000006c   Code   RO          277    .text               mf_w.l(fepilogue.o)
    0x08006062   0x0000005e   Code   RO          278    .text               mf_w.l(fsqrt.o)
    0x080060c0   0x000000be   Code   RO          279    .text               mf_w.l(depilogue.o)
    0x0800617e   0x0000002e   Code   RO          280    .text               mf_w.l(dscalb.o)
    0x080061ac   0x000000a2   Code   RO          281    .text               mf_w.l(dsqrt.o)
    0x0800624e   0x00000002   PAD
    0x08006250   0x00000024   Code   RO          285    .text               mc_w.l(init.o)
    0x08006274   0x0000001a   Code   RO          286    .text               mf_w.l(dfltui.o)
    0x0800628e   0x00000002   PAD
    0x08006290   0x00000020   Code   RO          108    i.__0printf$1       mc_w.l(printf1.o)
    0x080062b0   0x00000028   Code   RO          242    i.__ARM_fpclassify  m_ws.l(fpclassify.o)
    0x080062d8   0x00000388   Code   RO          245    i.__ieee754_rem_pio2  m_ws.l(rred.o)
    0x08006660   0x000000fc   Code   RO          239    i.__kernel_cos      m_ws.l(cos_i.o)
    0x0800675c   0x000000aa   Code   RO          243    i.__kernel_poly     m_ws.l(poly.o)
    0x08006806   0x00000002   PAD
    0x08006808   0x000000ec   Code   RO          248    i.__kernel_sin      m_ws.l(sin_i.o)
    0x080068f4   0x00000010   Code   RO          241    i.__mathlib_dbl_underflow  m_ws.l(dunder.o)
    0x08006904   0x0000000e   Code   RO          289    i.__scatterload_copy  mc_w.l(handlers.o)
    0x08006912   0x00000002   Code   RO          290    i.__scatterload_null  mc_w.l(handlers.o)
    0x08006914   0x0000000e   Code   RO          291    i.__scatterload_zeroinit  mc_w.l(handlers.o)
    0x08006922   0x00000002   PAD
    0x08006924   0x0000000c   Code   RO          274    i.__set_errno       mc_w.l(errno.o)
    0x08006930   0x00000154   Code   RO          115    i._printf_core      mc_w.l(printf1.o)
    0x08006a84   0x0000027c   Code   RO           57    i.asin              m_ws.l(asin.o)
    0x08006d00   0x00000224   Code   RO          234    i.atan              m_ws.l(atan.o)
    0x08006f24   0x00000180   Code   RO           63    i.atan2             m_ws.l(atan2.o)
    0x080070a4   0x000000ac   Code   RO           67    i.cos               m_ws.l(cos.o)
    0x08007150   0x000000b0   Code   RO           71    i.sin               m_ws.l(sin.o)
    0x08007200   0x0000004c   Code   RO           75    i.sqrt              m_ws.l(sqrt.o)
    0x0800724c   0x0000002c   Code   RO           79    i.sqrtf             m_ws.l(sqrtf.o)
    0x08007278   0x00000050   Data   RO           58    .constdata          m_ws.l(asin.o)
    0x080072c8   0x00000098   Data   RO          235    .constdata          m_ws.l(atan.o)
    0x08007360   0x00000030   Data   RO          240    .constdata          m_ws.l(cos_i.o)
    0x08007390   0x00000008   Data   RO          244    .constdata          m_ws.l(qnan.o)
    0x08007398   0x000000c8   Data   RO          247    .constdata          m_ws.l(rred.o)
    0x08007460   0x00000028   Data   RO          249    .constdata          m_ws.l(sin_i.o)
    0x08007488   0x00000020   Data   RO          287    Region$$Table       anon$$obj.o


    Execution Region RW_IRAM1 (Base: 0x20000000, Size: 0x000005e8, Max: 0x00005000, ABSOLUTE)

    Base Addr    Size         Type   Attr      Idx    E Section Name        Object

    0x20000000   0x0000001a   Data   RW            8    .data               systime.o
    0x2000001a   0x00000018   Data   RW           11    .data               mpu6050.o
    0x20000032   0x00000002   PAD
    0x20000034   0x0000003c   Data   RW           14    .data               imu.o
    0x20000070   0x00000009   Data   RW           17    .data               control.o
    0x20000079   0x00000001   PAD
    0x2000007a   0x00000030   Data   RW           20    .data               rc.o
    0x200000aa   0x00000004   Data   RW           24    .data               maincom.o
    0x200000ae   0x00000001   Data   RW           26    .data               refreshled.o
    0x200000af   0x00000001   PAD
    0x200000b0   0x00000004   Data   RW           31    .data               systick.o
    0x200000b4   0x00000002   Data   RW           37    .data               dma.o
    0x200000b6   0x00000014   Data   RW           41    .data               stm32f10x_rcc.o
    0x200000ca   0x00000002   PAD
    0x200000cc   0x00000004   Data   RW          266    .data               mc_w.l(stdout.o)
    0x200000d0   0x00000004   Data   RW          275    .data               mc_w.l(errno.o)
    0x200000d4   0x0000001c   Zero   RW           10    .bss                mpu6050.o
    0x200000f0   0x0000002c   Zero   RW           13    .bss                imu.o
    0x2000011c   0x00000060   Zero   RW           16    .bss                control.o
    0x2000017c   0x0000001c   Zero   RW           19    .bss                rc.o
    0x20000198   0x00000020   Zero   RW           23    .bss                maincom.o
    0x200001b8   0x0000002c   Zero   RW           36    .bss                dma.o
    0x200001e4   0x00000004   PAD
    0x200001e8   0x00000400   Zero   RW            1    STACK               startup_stm32f10x_hd.o


==============================================================================

Image component sizes


      Code (inc. data)   RO Data    RW Data    ZI Data      Debug   Object Name

      1768         84          0          9         96          0   control.o
       192         16          0          2         44          0   dma.o
      3952        236          0         60         44          0   imu.o
        56          6          0          0          0          0   led.o
       600         72          0          0          0          0   main.o
      2296         56          0          4         32          0   maincom.o
       220         20          0          0          0          0   misc.o
       616         30          0          0          0          0   motor.o
       632         30          0         24         28          0   mpu6050.o
       884          6          0          0          0          0   myiic.o
      1964        180          0         48         28          0   rc.o
       484         12          0          1          0          0   refreshled.o
        36          8        304          0       1024          0   startup_stm32f10x_hd.o
       572         16          0          0          0          0   stm32f10x_dma.o
      1324         34          0          0          0          0   stm32f10x_flash.o
       812         18          0          0          0          0   stm32f10x_gpio.o
        24          0          0          0          0          0   stm32f10x_it.o
       928         44          0         20          0          0   stm32f10x_rcc.o
      3014         16          0          0          0          0   stm32f10x_tim.o
       880         12          0          0          0          0   stm32f10x_usart.o
       128          0          0          0          0          0   stmflash.o
       312         18          0          0          0          0   system_stm32f10x.o
       168          8          0          4          0          0   systick.o
       640         48          0         26          0          0   systime.o

    ----------------------------------------------------------------------
     22504        970        336        204       1300          0   Object Totals
         0          0         32          0          0          0   (incl. Generated)
         2          0          0          6          4          0   (incl. Padding)

    ----------------------------------------------------------------------

      Code (inc. data)   RO Data    RW Data    ZI Data      Debug   Library Member Name

       636         52         80          0          0          0   asin.o
       548         70        152          0          0          0   atan.o
       384         38          0          0          0          0   atan2.o
       172          8          0          0          0          0   cos.o
       252         22         48          0          0          0   cos_i.o
        16          6          0          0          0          0   dunder.o
        40          0          0          0          0          0   fpclassify.o
       170          0          0          0          0          0   poly.o
         0          0          8          0          0          0   qnan.o
       904         72        200          0          0          0   rred.o
       176         10          0          0          0          0   sin.o
       236         12         40          0          0          0   sin_i.o
        76          0          0          0          0          0   sqrt.o
        44          0          0          0          0          0   sqrtf.o
         0          0          0          0          0          0   entry.o
         0          0          0          0          0          0   entry10a.o
         0          0          0          0          0          0   entry11a.o
         8          4          0          0          0          0   entry2.o
         4          0          0          0          0          0   entry5.o
         0          0          0          0          0          0   entry7b.o
         0          0          0          0          0          0   entry8b.o
         8          4          0          0          0          0   entry9a.o
        12          6          0          4          0          0   errno.o
        30          0          0          0          0          0   handlers.o
        36          8          0          0          0          0   init.o
         0          0          0          0          0          0   iusefp.o
        30          0          0          0          0          0   llshl.o
        36          0          0          0          0          0   llsshr.o
        32          0          0          0          0          0   llushr.o
       372         16          0          0          0          0   printf1.o
         0          0          0          4          0          0   stdout.o
        44          0          0          0          0          0   uidiv.o
        20          0          0          0          0          0   cfcmple.o
        20          0          0          0          0          0   cfrcmple.o
        56          0          0          0          0          0   d2f.o
       334          0          0          0          0          0   dadd.o
       222          0          0          0          0          0   ddiv.o
       190          0          0          0          0          0   depilogue.o
        62          0          0          0          0          0   dfixi.o
        50          0          0          0          0          0   dfixui.o
        34          0          0          0          0          0   dflti.o
        26          0          0          0          0          0   dfltui.o
       228          0          0          0          0          0   dmul.o
        46          0          0          0          0          0   dscalb.o
       162          0          0          0          0          0   dsqrt.o
        38          0          0          0          0          0   f2d.o
       176          0          0          0          0          0   fadd.o
       128          0          0          0          0          0   fdiv.o
       108          0          0          0          0          0   fepilogue.o
        50          0          0          0          0          0   ffixi.o
        40          0          0          0          0          0   ffixui.o
        18          0          0          0          0          0   fflti.o
        10          0          0          0          0          0   ffltui.o
       108          0          0          0          0          0   fmul.o
        94          0          0          0          0          0   fsqrt.o

    ----------------------------------------------------------------------
      6496        328        528          8          0          0   Library Totals
        10          0          0          0          0          0   (incl. Padding)

    ----------------------------------------------------------------------

      Code (inc. data)   RO Data    RW Data    ZI Data      Debug   Library Name

      3654        290        528          0          0          0   m_ws.l
       612         38          0          8          0          0   mc_w.l
      2220          0          0          0          0          0   mf_w.l

    ----------------------------------------------------------------------
      6496        328        528          8          0          0   Library Totals

    ----------------------------------------------------------------------

==============================================================================


      Code (inc. data)   RO Data    RW Data    ZI Data      Debug   

     29000       1298        864        212       1300          0   Grand Totals
     29000       1298        864        212       1300          0   ELF Image Totals
     29000       1298        864        212          0          0   ROM Totals

==============================================================================

    Total RO  Size (Code + RO Data)                29864 (  29.16kB)
    Total RW  Size (RW Data + ZI Data)              1512 (   1.48kB)
    Total ROM Size (Code + RO Data + RW Data)      30076 (  29.37kB)

==============================================================================

